// Jest Snapshot v1, https://goo.gl/fbAQLP

exports[`<Acts> renders as expected by default 1`] = `
<div
  className="acts-container"
>
  <div
    className="act"
    key="act-Musicians-8.157715839564922"
    style={
      Object {
        "width": "8.157715839564922%",
      }
    }
  >
    <span>
      Musicians
    </span>
  </div>
  <div
    className="act__first-end"
    key="act-end-Musicians-8.157715839564922"
    style={
      Object {
        "left": "8.157715839564922%",
      }
    }
  />
  <div
    className="act"
    key="act-First Act-29.29979605710401"
    style={
      Object {
        "width": "29.29979605710401%",
      }
    }
  >
    <span>
      First Act
    </span>
  </div>
  <div
    className="act__first-end"
    key="act-end-First Act-29.29979605710401"
    style={
      Object {
        "left": "37.45751189666893%",
      }
    }
  />
  <div
    className="act"
    key="act-Second Act-54.384772263766145"
    style={
      Object {
        "width": "54.384772263766145%",
      }
    }
  >
    <span>
      Second Act
    </span>
  </div>
  <div
    className="act__first-end"
    key="act-end-Second Act-54.384772263766145"
    style={
      Object {
        "left": "91.84228416043507%",
      }
    }
  />
  <div
    className="act"
    key="act--8.157715839564922"
    style={
      Object {
        "width": "8.157715839564922%",
      }
    }
  />
</div>
`;
