// Jest Snapshot v1, https://goo.gl/fbAQLP

exports[`<Acts> renders as expected by default 1`] = `
<div
  className="acts-container"
>
  <div
    className="act"
    key="act-Musicians-8.157715839564922"
    style={
      Object {
        "width": "8.157715839564922%",
      }
    }
  >
     
    <span
      className="translation"
    >
      (
      Musicians
      )
    </span>
  </div>
  <div
    className="act"
    key="act-First Act-29.29979605710401"
    style={
      Object {
        "width": "29.29979605710401%",
      }
    }
  >
    <span
      className="transcription"
    >
      Mae bae
    </span>
     
    <span
      className="translation"
    >
      (
      First Act
      )
    </span>
  </div>
  <div
    className="act"
    key="act-Second Act-54.384772263766145"
    style={
      Object {
        "width": "54.384772263766145%",
      }
    }
  >
    <span
      className="transcription"
    >
      Nochi ba
    </span>
     
    <span
      className="translation"
    >
      (
      Second Act
      )
    </span>
  </div>
  <div
    className="act"
    key="act--8.157715839564922"
    style={
      Object {
        "width": "8.157715839564922%",
      }
    }
  >
    <span
      className="transcription"
    >
      Oshirabe
    </span>
     
  </div>
</div>
`;
