// Jest Snapshot v1, https://goo.gl/fbAQLP

exports[`<HighlightedText> renders as expected 1`] = `
<div
  className="transcription"
>
  <div
    className="transcription__title"
  >
    <h3>
      Text
    </h3>
    <p>
      Singing style: 
      spoken
    </p>
  </div>
  <div
    className="transcription__text"
  >
    <div
      className="transcription__original"
    >
      <Line
        active={true}
        key="I/1"
        text="transcription line 1"
      />
      <Line
        active={false}
        key="I/2"
        text="transcription line 2"
      />
    </div>
    <div
      className="transcription__translation"
    >
      <Line
        active={true}
        key="I/1"
        text="translation line 1"
      />
      <Line
        active={false}
        key="I/2"
        text="translation line 2"
      />
    </div>
  </div>
</div>
`;
