// Jest Snapshot v1, https://goo.gl/fbAQLP

exports[`<HighlightedText> renders as expected 1`] = `
<div
  className="transcription"
>
  <div
    className="transcription__title"
  >
    <p>
      Singing style: 
      <span>
        spoken
      </span>
    </p>
  </div>
  <div
    className="transcription__text"
  >
    <Line
      active={true}
      key="I/1"
      transcription="transcription line 1"
      translation="translation line 1"
    />
    <Line
      active={false}
      key="I/2"
      transcription="transcription line 2"
      translation="translation line 2"
    />
  </div>
</div>
`;
