// Jest Snapshot v1, https://goo.gl/fbAQLP

exports[`<InterMediaTable> renders as expected while connected 1`] = `
<IntermediaTable
  currentTime={10}
  dispatch={[Function]}
  play="hashitomi"
  sections={
    Array [
      Object {
        "dance": "Dance to text",
        "duration": "00:02:00",
        "intensity": 5,
        "name": "Nanori",
        "nohkan": "Non Congruent",
        "percussion": "Otsuzumi + Kotsuzumi + Taiko",
        "percussionType": "Non Congruent",
        "text": "Sashinori - Non Congruent",
        "timeEnd": "00:03:00",
        "timeStart": "00:00:00",
        "voiceType": "Sung - Non Congruent",
        "voices": "Waki/Waki Tsure",
      },
      Object {
        "dance": "Not present",
        "duration": "00:03:00",
        "intensity": 2,
        "name": "Mondo",
        "nohkan": "Non Congruent",
        "percussion": "Otsuzumi + Kotsuzumi",
        "percussionType": "Non Congruent",
        "text": "Congruent",
        "timeEnd": "00:04:00",
        "timeStart": "00:03:01",
        "voiceType": "Spoken",
        "voices": "Waki/Waki Tsure",
      },
    ]
  }
/>
`;

exports[`<UnwrappedIntermediaTable> renders as expected 1`] = `
<div
  className="intermedia-table"
>
  <IntermediaTitle
    play="hashitomi"
    section="Nanori"
  />
  <IntermediaElement
    fieldName="Voices"
    fieldValue="Waki/Waki Tsure"
  />
  <IntermediaElement
    fieldName="Type of voice"
    fieldValue="Sung - Non Congruent"
  />
  <IntermediaElement
    fieldName="Text"
    fieldValue="Sashinori - Non Congruent"
  />
  <IntermediaElement
    fieldName="Percussion"
    fieldValue="Otsuzumi + Kotsuzumi + Taiko"
  />
  <IntermediaElement
    fieldName="Type of percussion"
    fieldValue="Non Congruent"
  />
  <IntermediaElement
    fieldName="Nohkan"
    fieldValue="Non Congruent"
  />
  <IntermediaElement
    fieldName="Dance"
    fieldValue="Dance to text"
  />
</div>
`;
