// Jest Snapshot v1, https://goo.gl/fbAQLP

exports[`<IntermediaTable> renders as expected 1`] = `
<div
  className="intermedia-table"
>
  <IntermediaTitle
    play="hashitomi"
    section="kiri"
  />
  <IntermediaElement
    fieldName="Voices"
    fieldValue="Waki/Waki Tsure"
  />
  <IntermediaElement
    fieldName="Type of voice"
    fieldValue="Sung - Non Congruent"
  />
  <IntermediaElement
    fieldName="Text"
    fieldValue="Non congruent - Sashinori"
  />
  <IntermediaElement
    fieldName="Percussion"
    fieldValue="Otsuzumi + Kotsuzumi + Taiko"
  />
  <IntermediaElement
    fieldName="Type of percussion"
    fieldValue="Non Congruent"
  />
  <IntermediaElement
    fieldName="Nohkan"
    fieldValue="Yes - Non congruent"
  />
  <IntermediaElement
    fieldName="Dance"
    fieldValue="Yes - Dance to text"
  />
</div>
`;
