// Jest Snapshot v1, https://goo.gl/fbAQLP

exports[`<MasterVideo> renders as expected 1`] = `
<MasterVideo
  currentTime={0}
  currentTimeOrigin=""
  tracks={Array []}
  updateCurrentTime={null}
  videoUrl=""
>
  <div>
    <video
      controls={true}
      controlsList="nodownload"
      id="player"
      onSeeking={[Function]}
      onTimeUpdate={[Function]}
    >
      <source
        src=""
        type="video/mp4"
      />
    </video>
  </div>
</MasterVideo>
`;
