// Jest Snapshot v1, https://goo.gl/fbAQLP

exports[`<MasterVideo> renders as expected 1`] = `
<MasterVideo
  currentTime={0}
  startTime={0}
  videoUrl=""
>
  <div>
    <video
      controls={true}
      id="player"
      onEnded={[Function]}
      onPause={[Function]}
      onPlay={[Function]}
      onPlaying={[Function]}
      onSeeking={[Function]}
      onStalled={[Function]}
      onTimeUpdate={[Function]}
      onWaiting={[Function]}
      src=""
    />
    <h3>
      0
    </h3>
    <span>
      0
    </span>
  </div>
</MasterVideo>
`;
