// Jest Snapshot v1, https://goo.gl/fbAQLP

exports[`<NonTabbedNarrative> renders as expected 1`] = `
<Markup
  content="Lorem ipsum dolor sit amet, consectetur adipisicing elit, sed do eiusmod tempor incididunt ut labore et dolore magna aliqua. Ut enim ad minim veniam."
  emptyContent={null}
  parsedContent={null}
  tagName="div"
/>
`;
