// Jest Snapshot v1, https://goo.gl/fbAQLP

exports[`<ScoreTextLine> renders as expected by default 1`] = `
Array [
  <CellText
    key="textCell0"
    length={1}
    text="ma"
    textIsCongruent={true}
    vocalRange="l"
    voiceType="jiutai"
  />,
  <CellText
    key="textCell1"
    length={1}
    text="ta"
    textIsCongruent={true}
    vocalRange="l"
    voiceType=""
  />,
  <CellText
    key="textCell2"
    length={1}
    text="wa"
    textIsCongruent={true}
    vocalRange="l"
    voiceType="jiutai"
  />,
  <CellText
    key="textCell3"
    length={1}
    text="ga"
    textIsCongruent={true}
    vocalRange="l"
    voiceType="shite"
  />,
  <CellText
    key="textCell4"
    length={1}
    text="cho"
    textIsCongruent={true}
    vocalRange="l"
    voiceType=""
  />,
  <CellText
    key="textCell5"
    length={1}
    text="o"
    textIsCongruent={true}
    vocalRange="l"
    voiceType=""
  />,
  <CellText
    key="textCell6"
    length={1}
    text="no"
    textIsCongruent={true}
    vocalRange="l"
    voiceType="jiutai"
  />,
  <CellText
    key="textCell7"
    length={1}
    text="so"
    textIsCongruent={true}
    vocalRange="l"
    voiceType=""
  />,
  <CellText
    key="textCell8"
    length={1}
    text="no"
    textIsCongruent={true}
    vocalRange="l"
    voiceType=""
  />,
  <CellText
    key="textCell9"
    length={1}
    text="ha"
    textIsCongruent={true}
    vocalRange="l"
    voiceType=""
  />,
  <CellText
    key="textCell10"
    length={1}
    text="ji"
    textIsCongruent={true}
    vocalRange="l"
    voiceType=""
  />,
  <CellText
    key="textCell11"
    length={1}
    text="me"
    textIsCongruent={true}
    vocalRange="l"
    voiceType=""
  />,
  <CellText
    key="textCell12"
    length={1}
    text="(e)"
    textIsCongruent={true}
    vocalRange="l"
    voiceType="shite"
  />,
]
`;

exports[`<ScoreTextLine> renders as expected by default 2`] = `
<CellText
  length={13}
  text=""
  textIsCongruent={false}
  vocalRange=""
  voiceType=""
/>
`;
