// Jest Snapshot v1, https://goo.gl/fbAQLP

exports[`<ScoreTextLine> renders as expected by default 1`] = `
Array [
  <CellText
    beginning={true}
    end={true}
    key="textCell0"
    length={1}
    text="ma"
    vocalRange="high"
    voiceType="jiutai"
  />,
  <CellText
    beginning={false}
    end={false}
    key="textCell1"
    length={1}
    text="ta"
    vocalRange="high"
    voiceType=""
  />,
  <CellText
    beginning={false}
    end={false}
    key="textCell2"
    length={1}
    text="wa"
    vocalRange="high"
    voiceType=""
  />,
  <CellText
    beginning={false}
    end={false}
    key="textCell3"
    length={1}
    text="ga"
    vocalRange="high"
    voiceType=""
  />,
  <CellText
    beginning={false}
    end={false}
    key="textCell4"
    length={1}
    text="cho"
    vocalRange="high"
    voiceType=""
  />,
  <CellText
    beginning={false}
    end={false}
    key="textCell5"
    length={1}
    text="o"
    vocalRange="high"
    voiceType=""
  />,
  <CellText
    beginning={false}
    end={false}
    key="textCell6"
    length={1}
    text="no"
    vocalRange="high"
    voiceType=""
  />,
  <CellText
    beginning={false}
    end={false}
    key="textCell7"
    length={1}
    text="so"
    vocalRange="high"
    voiceType=""
  />,
  <CellText
    beginning={false}
    end={false}
    key="textCell8"
    length={1}
    text="no"
    vocalRange="high"
    voiceType=""
  />,
  <CellText
    beginning={false}
    end={false}
    key="textCell9"
    length={1}
    text="ha"
    vocalRange="high"
    voiceType=""
  />,
  <CellText
    beginning={false}
    end={false}
    key="textCell10"
    length={1}
    text="ji"
    vocalRange="high"
    voiceType=""
  />,
  <CellText
    beginning={false}
    end={false}
    key="textCell11"
    length={1}
    text="me"
    vocalRange="high"
    voiceType=""
  />,
  <CellText
    beginning={false}
    end={false}
    key="textCell12"
    length={1}
    text="(e)"
    vocalRange="high"
    voiceType=""
  />,
]
`;
