// Jest Snapshot v1, https://goo.gl/fbAQLP

exports[`<ShodanTimeline> renders as expected 1`] = `
<div
  className="shodan-map"
>
   
  <ShodanTimelineBlock
    duration={300}
    intensity={17}
    key="Noriji"
    left="0%"
    maxIntensity={21}
    name="Noriji"
    totalDuration={2700}
  />
  <ShodanTimelineBlock
    duration={1005}
    intensity={12}
    key="Maibataraki"
    left="11.11111111111111%"
    maxIntensity={21}
    name="Maibataraki"
    totalDuration={2700}
  />
</div>
`;
