// Jest Snapshot v1, https://goo.gl/fbAQLP

exports[`<ShodanTimeline> renders as expected 1`] = `
<div
  className="shodan-map"
>
   
  <ShodanTimelineBlock
    duration={150}
    intensity="17"
    key="Noriji"
    left="0%"
    maxIntensity={21}
    name="Noriji"
    totalDuration={1800}
  />
  <ShodanTimelineBlock
    duration={150}
    intensity="12"
    key="Maibataraki"
    left="8.333333333333332%"
    maxIntensity={21}
    name="Maibataraki"
    totalDuration={1800}
  />
</div>
`;
