// Jest Snapshot v1, https://goo.gl/fbAQLP

exports[`<TimeMarks> renders as expected 1`] = `
<div
  className="time-marks"
>
  <div
    className="time"
  >
    0:00:00
  </div>
  <div
    className="time"
  >
    0:05:00
  </div>
  <div
    className="time"
  >
    0:10:00
  </div>
  <div
    className="time"
  >
    0:15:00
  </div>
  <div
    className="time"
  >
    0:20:00
  </div>
  <div
    className="time"
  >
    0:25:00
  </div>
  <div
    className="time"
  >
    0:30:00
  </div>
  <div
    className="time"
  >
    0:35:00
  </div>
  <div
    className="time"
  >
    0:40:00
  </div>
  <div
    className="time"
  >
    0:45:00
  </div>
  <div
    className="time"
  >
    0:50:00
  </div>
  <div
    className="time"
  >
    0:55:00
  </div>
  <div
    className="time"
  >
    1:00:00
  </div>
  <div
    className="time"
  >
    1:05:00
  </div>
  <div
    className="time"
  >
    1:10:00
  </div>
  <div
    className="time"
  >
    1:15:00
  </div>
</div>
`;
